---
layout: post
title:  "常用JVM配置参数"
date:   2017-1-1 14:05:21 +0800
tags: JVM
color: rgb(255,222,173)
cover: 'https://javasuncn.github.io/zhangzhBolg/assets/test.png'
subtitle: '常用JVM配置参数'
---

## **JVM参数**

### **查看JVM参数命令：java -XX:+PrintFlagsFinal**

### **打印GC的参数命令**

{% highlight text %}
   1、-XX:PrintGC 打印简要的GC信息
       – [GC 4790K->374K(15872K), 0.0001606 secs]
       – [GC 4790K->374K(15872K), 0.0001474 secs]
       – [GC 4790K->374K(15872K), 0.0001563 secs]
       – [GC 4790K->374K(15872K), 0.0001682 secs]
   2、-XX:+PrintGCDetails 打印GC的详细信息
           Heap 12288K+ 1536K
           def new generation total 13824K, used 11223K [0x27e80000, 0x28d80000, 0x28d80000)
           eden space 12288K, 91% used [0x27e80000, 0x28975f20, 0x28a80000)(0x28d80000- 0x27e80000)/1024/1024=15M
           from space 1536K,
           to space 1536K, tenured generation
           0% used [0x28a80000, 0x28a80000, 0x28c00000) 0% used [0x28c00000, 0x28c00000, 0x28d80000)
           total 5120K, used 0K [0x28d80000, 0x29280000, 0x34680000) 0% used [0x28d80000, 0x28d80000, 0x28d80200, 0x29280000)
           the space 5120K,
           compacting perm gen total 12288K, used 142K [0x34680000, 0x35280000, 0x38680000)
           the space 12288K, 1% used [0x34680000, 0x346a3a90, 0x346a3c00, 0x35280000) ro space 10240K, 44% used [0x38680000, 0x38af73f0, 0x38af7400, 0x39080000) rw space 12288K, 52% used [0x39080000, 0x396cdd28, 0x396cde00, 0x39c80000)
      
   3、-XX:+PrintGCTimeStamps 打印GC发送的时间戳
       – 3.492: [GC (Allocation Failure) [PSYoungGen: 72000K->9647K(76288K)] 72016K->9671K(251392K), 0.0125901 secs] [Times: user=0.03 sys=0.00, real=0.02 secs] 
       – 3.682: [GC (GCLocker Initiated GC) [PSYoungGen: 50078K->7838K(76288K)] 50102K->7870K(251392K), 0.0061739 secs] [Times: user=0.03 sys=0.00, real=0.01 secs] 
       – 3.724: [GC (Metadata GC Threshold) [PSYoungGen: 12330K->5696K(141824K)] 12362K->5736K(316928K), 0.0077557 secs] [Times: user=0.03 sys=0.01, real=0.00 secs] 
       – 3.732: [Full GC (Metadata GC Threshold) [PSYoungGen: 5696K->0K(141824K)] [ParOldGen: 40K->5512K(81408K)] 5736K->5512K(223232K), [Metaspace: 21014K->21012K(1069056K)], 0.0387951 secs] [Times: user=0.11 sys=0.00, real=0.04 secs] 
   4、指定GC Log日志的位置: -Xloggc:../log/gc.log 例如:-Xloggc:/home/gc/log/gc.log
   5、-XX:+PrintHeapAtGC: 每一次GC后都打印堆信息
        {Heap before GC invocations=10 (full 2): -- GC前
         PSYoungGen      total 206336K, used 190976K [0x000000076ab00000, 0x0000000780500000, 0x00000007c0000000)
          eden space 190976K, 100% used [0x000000076ab00000,0x0000000776580000,0x0000000776580000)
          from space 15360K, 0% used [0x0000000776580000,0x0000000776580000,0x0000000777480000)
          to   space 17920K, 0% used [0x000000077f380000,0x000000077f380000,0x0000000780500000)
         ParOldGen       total 133120K, used 20643K [0x00000006c0000000, 0x00000006c8200000, 0x000000076ab00000)
          object space 133120K, 15% used [0x00000006c0000000,0x00000006c1428e58,0x00000006c8200000)
         Metaspace       used 42909K, capacity 44666K, committed 44800K, reserved 1087488K
          class space    used 5677K, capacity 6027K, committed 6144K, reserved 1048576K
          
        （GC回收）6.490: [GC (Allocation Failure) [PSYoungGen: 190976K->16253K(320512K)] 211619K->36904K(453632K), 0.0150398 secs] [Times: user=0.04 sys=0.02, real=0.01 secs] 
        
        Heap after GC invocations=10 (full 2):  -- GC后
         PSYoungGen      total 320512K, used 16253K [0x000000076ab00000, 0x0000000780380000, 0x00000007c0000000)
          eden space 304128K, 0% used [0x000000076ab00000,0x000000076ab00000,0x000000077d400000)
          from space 16384K, 99% used [0x000000077f380000,0x000000078035f428,0x0000000780380000)
          to   space 19456K, 0% used [0x000000077dd80000,0x000000077dd80000,0x000000077f080000)
         ParOldGen       total 133120K, used 20651K [0x00000006c0000000, 0x00000006c8200000, 0x000000076ab00000)
          object space 133120K, 15% used [0x00000006c0000000,0x00000006c142ae58,0x00000006c8200000)
         Metaspace       used 42909K, capacity 44666K, committed 44800K, reserved 1087488K
          class space    used 5677K, capacity 6027K, committed 6144K, reserved 1048576K
        }
   6、-XX:+TraceClassLoading 监控类加载    
        
        
    
   
{% endhighlight %}





